// Jest Snapshot v1, https://goo.gl/fbAQLP

exports[`Footer Snapshot Check the UI of the Footer component 1`] = `
<div
  className="Footer class"
>
  <p
    className="Footer-title"
  >
    React Store
  </p>
  <p
    className="Footer-copy"
  >
    Todos los Izquierdos Reservados
  </p>
</div>
`;
