// Jest Snapshot v1, https://goo.gl/fbAQLP

exports[`Header Snapshot Check the UI of the Header component 1`] = `
<div
  className="Header"
>
  <h1
    className="Header-title"
  >
    <a
      href="/"
      onClick={[Function]}
    >
      React Store
    </a>
  </h1>
  <div
    className="Header-checkout"
  >
    <a
      href="/checkout"
      onClick={[Function]}
    >
      <i
        className="fas fa-shopping-basket"
      />
    </a>
  </div>
</div>
`;
